# require version 1.15 ok (have 1.15.1676-usability)
# CLASS Cell fields=14 methods=246
# FOLDBITS bed n=64 digit=4
# FOLDBITS nozzle n=64 digit=2
# FOLDBITS hive n=64 digit=9
# FOLDBITS scrap n=64 digit=6
# PLUG soft-fail rc=-2 (compat/ports)
# SMX TALK bed → nozzle digit=3 set=44
# SMX TALK nozzle → bed digit=3 set=44
# SMX TALK nozzle → hive digit=5 set=54
# SMX TALK hive → nozzle digit=5 set=54
# ok
# ok
# COMPARE bed~hive hamming=10 unity=0.8438 digit=6
# HARMONY n=7 unity=0.6518 digit=9 → hive
# HARMONY n=7 unity=0.6711 digit=9 → hive
# DECIDE hive → 9 (d9)
# RESOLVE unity=67 decide=9 energy=502
# ok
# ok
# ok
# ok
# ok
# PLUG soft-fail rc=-3 (compat/ports)
# PLUG soft-fail rc=-3 (compat/ports)
# ok
# ok
# ok
# ok
atomic_printer_life_force 2 2 9 67 502 80 1 4 7
{"ok":true,"cmd":"run","file":"/root/cubalc-flow-1.5/programs/proof/1620_atomic_printer_life_force.cubalc","stmts":661,"asserts_ok":12,"asserts_fail":0,"n":7,"unity":0.797,"language":"CubalC","version":"1.15.1676-usability","err":"","last_err":"","err_line":0,"err_src":"","why_hint":"ok — no sticky LAST_ERR","quiet":false,"strict":false,"timeout_ms":0,"timed_out":false,"remain_ms":-1,"wall_ms":416,"preload_n":0,"preload":[],"preload_ok":true,"preload_miss_n":0,"preload_miss":[],"include_path_n":0,"require_version":"","require_forms":"","require_fns":"","require_classes":"","require_doctor":false,"require_ready":false,"includes_n":1,"includes":["programs/lib/life_cell.cubalc"],"include_stems_n":1,"include_stems":["life_cell"],"vars_n":85,"vars_max":1024,"vars_full":false,"exit_code":0,"halted":false}
